// Jest Snapshot v1, https://goo.gl/fbAQLP

exports[`should render ExpenseListItem 1`] = `
<div>
  <Link
    to="/edit/1"
  >
    <p>
      Description: 
      Gum
    </p>
  </Link>
  <p>
    Amount: 
    $1.90
  </p>
  <p>
    Created at: 
    January 1st, 1970
  </p>
</div>
`;
